[2026-06-02T18:07:35.822+0000] {manager.py:470} INFO - Processing files using up to 2 processes at a time 
[2026-06-02T18:07:35.824+0000] {manager.py:471} INFO - Process each file at most once every 30 seconds
[2026-06-02T18:07:35.826+0000] {manager.py:472} INFO - Checking for new files in /opt/airflow/dags every 300 seconds
[2026-06-02T18:07:35.827+0000] {manager.py:737} INFO - Searching for files in /opt/airflow/dags
[2026-06-02T18:07:35.835+0000] {manager.py:740} INFO - There are 0 files in /opt/airflow/dags
[2026-06-02T21:03:54.984+0000] {manager.py:737} INFO - Searching for files in /opt/airflow/dags
[2026-06-02T21:03:54.994+0000] {manager.py:740} INFO - There are 0 files in /opt/airflow/dags
[2026-06-03T00:46:57.406+0000] {manager.py:737} INFO - Searching for files in /opt/airflow/dags
[2026-06-03T00:46:57.720+0000] {manager.py:740} INFO - There are 0 files in /opt/airflow/dags
[2026-06-03T02:07:00.783+0000] {manager.py:737} INFO - Searching for files in /opt/airflow/dags
[2026-06-03T02:07:00.991+0000] {manager.py:740} INFO - There are 0 files in /opt/airflow/dags
[2026-06-03T02:17:05.604+0000] {manager.py:737} INFO - Searching for files in /opt/airflow/dags
[2026-06-03T02:17:05.617+0000] {manager.py:740} INFO - There are 0 files in /opt/airflow/dags
[2026-06-03T02:26:36.294+0000] {manager.py:737} INFO - Searching for files in /opt/airflow/dags
[2026-06-03T02:26:36.310+0000] {manager.py:740} INFO - There are 0 files in /opt/airflow/dags
[2026-06-04T14:14:11.487+0000] {manager.py:470} INFO - Processing files using up to 2 processes at a time 
[2026-06-04T14:14:11.489+0000] {manager.py:471} INFO - Process each file at most once every 30 seconds
[2026-06-04T14:14:11.491+0000] {manager.py:472} INFO - Checking for new files in /opt/airflow/dags every 300 seconds
[2026-06-04T14:14:11.493+0000] {manager.py:737} INFO - Searching for files in /opt/airflow/dags
[2026-06-04T14:14:11.500+0000] {manager.py:740} INFO - There are 0 files in /opt/airflow/dags
[2026-06-04T14:19:12.287+0000] {manager.py:737} INFO - Searching for files in /opt/airflow/dags
[2026-06-04T14:19:12.300+0000] {manager.py:740} INFO - There are 0 files in /opt/airflow/dags
[2026-06-04T14:24:12.716+0000] {manager.py:737} INFO - Searching for files in /opt/airflow/dags
[2026-06-04T14:24:12.732+0000] {manager.py:740} INFO - There are 0 files in /opt/airflow/dags
[2026-06-04T14:29:13.301+0000] {manager.py:737} INFO - Searching for files in /opt/airflow/dags
[2026-06-04T14:29:13.313+0000] {manager.py:740} INFO - There are 0 files in /opt/airflow/dags
[2026-06-04T14:58:06.453+0000] {manager.py:737} INFO - Searching for files in /opt/airflow/dags
[2026-06-04T14:58:06.566+0000] {manager.py:740} INFO - There are 0 files in /opt/airflow/dags
[2026-06-04T15:15:50.588+0000] {manager.py:737} INFO - Searching for files in /opt/airflow/dags
[2026-06-04T15:15:50.597+0000] {manager.py:740} INFO - There are 0 files in /opt/airflow/dags
[2026-06-04T15:20:51.287+0000] {manager.py:737} INFO - Searching for files in /opt/airflow/dags
[2026-06-04T15:20:51.297+0000] {manager.py:740} INFO - There are 0 files in /opt/airflow/dags
[2026-06-04T15:29:22.301+0000] {manager.py:737} INFO - Searching for files in /opt/airflow/dags
[2026-06-04T15:29:22.313+0000] {manager.py:740} INFO - There are 0 files in /opt/airflow/dags
[2026-06-04T15:57:02.225+0000] {manager.py:737} INFO - Searching for files in /opt/airflow/dags
[2026-06-04T15:57:02.272+0000] {manager.py:740} INFO - There are 0 files in /opt/airflow/dags
[2026-06-04T16:02:03.186+0000] {manager.py:737} INFO - Searching for files in /opt/airflow/dags
[2026-06-04T16:02:03.201+0000] {manager.py:740} INFO - There are 0 files in /opt/airflow/dags
[2026-06-04T16:07:04.118+0000] {manager.py:737} INFO - Searching for files in /opt/airflow/dags
[2026-06-04T16:07:04.132+0000] {manager.py:740} INFO - There are 0 files in /opt/airflow/dags
[2026-06-04T16:12:04.827+0000] {manager.py:737} INFO - Searching for files in /opt/airflow/dags
[2026-06-04T16:12:04.836+0000] {manager.py:740} INFO - There are 0 files in /opt/airflow/dags
[2026-06-04T18:54:14.810+0000] {manager.py:737} INFO - Searching for files in /opt/airflow/dags
[2026-06-04T18:54:14.879+0000] {manager.py:740} INFO - There are 0 files in /opt/airflow/dags
[2026-06-04T18:59:15.767+0000] {manager.py:737} INFO - Searching for files in /opt/airflow/dags
[2026-06-04T18:59:15.786+0000] {manager.py:740} INFO - There are 0 files in /opt/airflow/dags
[2026-06-04T19:04:16.587+0000] {manager.py:737} INFO - Searching for files in /opt/airflow/dags
[2026-06-04T19:04:16.612+0000] {manager.py:740} INFO - There are 0 files in /opt/airflow/dags
[2026-06-04T19:09:17.275+0000] {manager.py:737} INFO - Searching for files in /opt/airflow/dags
[2026-06-04T19:09:17.335+0000] {manager.py:740} INFO - There are 0 files in /opt/airflow/dags
[2026-06-04T19:14:17.581+0000] {manager.py:737} INFO - Searching for files in /opt/airflow/dags
[2026-06-04T19:14:17.602+0000] {manager.py:740} INFO - There are 0 files in /opt/airflow/dags
[2026-06-04T19:19:18.433+0000] {manager.py:737} INFO - Searching for files in /opt/airflow/dags
[2026-06-04T19:19:18.484+0000] {manager.py:740} INFO - There are 0 files in /opt/airflow/dags
[2026-06-04T19:24:19.215+0000] {manager.py:737} INFO - Searching for files in /opt/airflow/dags
[2026-06-04T19:24:19.235+0000] {manager.py:740} INFO - There are 0 files in /opt/airflow/dags
[2026-06-04T19:29:19.999+0000] {manager.py:737} INFO - Searching for files in /opt/airflow/dags
[2026-06-04T19:29:20.016+0000] {manager.py:740} INFO - There are 0 files in /opt/airflow/dags
[2026-06-04T19:34:20.623+0000] {manager.py:737} INFO - Searching for files in /opt/airflow/dags
[2026-06-04T19:34:20.630+0000] {manager.py:740} INFO - There are 0 files in /opt/airflow/dags
[2026-06-04T19:39:21.269+0000] {manager.py:737} INFO - Searching for files in /opt/airflow/dags
[2026-06-04T19:39:21.292+0000] {manager.py:740} INFO - There are 0 files in /opt/airflow/dags
[2026-06-04T19:44:21.992+0000] {manager.py:737} INFO - Searching for files in /opt/airflow/dags
[2026-06-04T19:44:22.003+0000] {manager.py:740} INFO - There are 0 files in /opt/airflow/dags
[2026-06-04T19:49:22.709+0000] {manager.py:737} INFO - Searching for files in /opt/airflow/dags
[2026-06-04T19:49:22.745+0000] {manager.py:740} INFO - There are 0 files in /opt/airflow/dags
[2026-06-04T19:54:22.956+0000] {manager.py:737} INFO - Searching for files in /opt/airflow/dags
[2026-06-04T19:54:22.980+0000] {manager.py:740} INFO - There are 0 files in /opt/airflow/dags
[2026-06-04T19:59:23.748+0000] {manager.py:737} INFO - Searching for files in /opt/airflow/dags
[2026-06-04T19:59:23.777+0000] {manager.py:740} INFO - There are 0 files in /opt/airflow/dags
[2026-06-04T20:04:23.855+0000] {manager.py:737} INFO - Searching for files in /opt/airflow/dags
[2026-06-04T20:04:23.885+0000] {manager.py:740} INFO - There are 0 files in /opt/airflow/dags
[2026-06-04T20:09:24.686+0000] {manager.py:737} INFO - Searching for files in /opt/airflow/dags
[2026-06-04T20:09:24.722+0000] {manager.py:740} INFO - There are 0 files in /opt/airflow/dags
[2026-06-04T20:14:25.557+0000] {manager.py:737} INFO - Searching for files in /opt/airflow/dags
[2026-06-04T20:14:25.581+0000] {manager.py:740} INFO - There are 0 files in /opt/airflow/dags
[2026-06-04T20:19:26.229+0000] {manager.py:737} INFO - Searching for files in /opt/airflow/dags
[2026-06-04T20:19:26.282+0000] {manager.py:740} INFO - There are 0 files in /opt/airflow/dags
[2026-06-04T20:24:26.985+0000] {manager.py:737} INFO - Searching for files in /opt/airflow/dags
[2026-06-04T20:24:27.003+0000] {manager.py:740} INFO - There are 0 files in /opt/airflow/dags
[2026-06-04T20:29:27.603+0000] {manager.py:737} INFO - Searching for files in /opt/airflow/dags
[2026-06-04T20:29:27.634+0000] {manager.py:740} INFO - There are 0 files in /opt/airflow/dags
[2026-06-04T20:34:28.411+0000] {manager.py:737} INFO - Searching for files in /opt/airflow/dags
[2026-06-04T20:34:28.425+0000] {manager.py:740} INFO - There are 0 files in /opt/airflow/dags
[2026-06-04T20:39:29.069+0000] {manager.py:737} INFO - Searching for files in /opt/airflow/dags
[2026-06-04T20:39:29.084+0000] {manager.py:740} INFO - There are 0 files in /opt/airflow/dags
[2026-06-04T20:44:29.601+0000] {manager.py:737} INFO - Searching for files in /opt/airflow/dags
[2026-06-04T20:44:29.610+0000] {manager.py:740} INFO - There are 0 files in /opt/airflow/dags
[2026-06-04T20:49:30.236+0000] {manager.py:737} INFO - Searching for files in /opt/airflow/dags
[2026-06-04T20:49:30.251+0000] {manager.py:740} INFO - There are 0 files in /opt/airflow/dags
[2026-06-04T20:54:30.870+0000] {manager.py:737} INFO - Searching for files in /opt/airflow/dags
[2026-06-04T20:54:30.891+0000] {manager.py:740} INFO - There are 0 files in /opt/airflow/dags
[2026-06-04T20:59:31.287+0000] {manager.py:737} INFO - Searching for files in /opt/airflow/dags
[2026-06-04T20:59:31.305+0000] {manager.py:740} INFO - There are 0 files in /opt/airflow/dags
[2026-06-04T21:04:31.984+0000] {manager.py:737} INFO - Searching for files in /opt/airflow/dags
[2026-06-04T21:04:32.001+0000] {manager.py:740} INFO - There are 0 files in /opt/airflow/dags
[2026-06-04T21:09:32.695+0000] {manager.py:737} INFO - Searching for files in /opt/airflow/dags
[2026-06-04T21:09:32.713+0000] {manager.py:740} INFO - There are 0 files in /opt/airflow/dags
[2026-06-04T21:14:33.442+0000] {manager.py:737} INFO - Searching for files in /opt/airflow/dags
[2026-06-04T21:14:33.459+0000] {manager.py:740} INFO - There are 0 files in /opt/airflow/dags
[2026-06-04T21:19:34.130+0000] {manager.py:737} INFO - Searching for files in /opt/airflow/dags
[2026-06-04T21:19:34.148+0000] {manager.py:740} INFO - There are 0 files in /opt/airflow/dags
[2026-06-04T21:24:34.804+0000] {manager.py:737} INFO - Searching for files in /opt/airflow/dags
[2026-06-04T21:24:34.820+0000] {manager.py:740} INFO - There are 0 files in /opt/airflow/dags
[2026-06-04T21:29:35.521+0000] {manager.py:737} INFO - Searching for files in /opt/airflow/dags
[2026-06-04T21:29:35.545+0000] {manager.py:740} INFO - There are 0 files in /opt/airflow/dags
[2026-06-04T21:34:36.246+0000] {manager.py:737} INFO - Searching for files in /opt/airflow/dags
[2026-06-04T21:34:36.352+0000] {manager.py:740} INFO - There are 0 files in /opt/airflow/dags
[2026-06-04T21:39:37.021+0000] {manager.py:737} INFO - Searching for files in /opt/airflow/dags
[2026-06-04T21:39:37.035+0000] {manager.py:740} INFO - There are 0 files in /opt/airflow/dags
[2026-06-04T21:44:37.636+0000] {manager.py:737} INFO - Searching for files in /opt/airflow/dags
[2026-06-04T21:44:37.656+0000] {manager.py:740} INFO - There are 0 files in /opt/airflow/dags
[2026-06-04T21:49:38.275+0000] {manager.py:737} INFO - Searching for files in /opt/airflow/dags
[2026-06-04T21:49:38.293+0000] {manager.py:740} INFO - There are 0 files in /opt/airflow/dags
[2026-06-04T21:54:38.972+0000] {manager.py:737} INFO - Searching for files in /opt/airflow/dags
[2026-06-04T21:54:39.039+0000] {manager.py:740} INFO - There are 0 files in /opt/airflow/dags
[2026-06-04T21:59:39.653+0000] {manager.py:737} INFO - Searching for files in /opt/airflow/dags
[2026-06-04T21:59:39.677+0000] {manager.py:740} INFO - There are 0 files in /opt/airflow/dags
[2026-06-04T22:04:40.324+0000] {manager.py:737} INFO - Searching for files in /opt/airflow/dags
[2026-06-04T22:04:40.361+0000] {manager.py:740} INFO - There are 0 files in /opt/airflow/dags
[2026-06-04T22:09:41.101+0000] {manager.py:737} INFO - Searching for files in /opt/airflow/dags
[2026-06-04T22:09:41.119+0000] {manager.py:740} INFO - There are 0 files in /opt/airflow/dags
[2026-06-04T22:14:41.673+0000] {manager.py:737} INFO - Searching for files in /opt/airflow/dags
[2026-06-04T22:14:41.684+0000] {manager.py:740} INFO - There are 0 files in /opt/airflow/dags
[2026-06-04T22:19:42.273+0000] {manager.py:737} INFO - Searching for files in /opt/airflow/dags
[2026-06-04T22:19:42.287+0000] {manager.py:740} INFO - There are 0 files in /opt/airflow/dags
[2026-06-05T00:02:36.772+0000] {manager.py:737} INFO - Searching for files in /opt/airflow/dags
[2026-06-05T00:02:37.126+0000] {manager.py:740} INFO - There are 0 files in /opt/airflow/dags
[2026-06-05T00:08:22.664+0000] {manager.py:737} INFO - Searching for files in /opt/airflow/dags
[2026-06-05T00:08:22.676+0000] {manager.py:740} INFO - There are 0 files in /opt/airflow/dags
[2026-06-05T00:45:10.382+0000] {manager.py:737} INFO - Searching for files in /opt/airflow/dags
[2026-06-05T00:45:10.401+0000] {manager.py:740} INFO - There are 0 files in /opt/airflow/dags
[2026-06-05T00:50:10.990+0000] {manager.py:737} INFO - Searching for files in /opt/airflow/dags
[2026-06-05T00:50:11.003+0000] {manager.py:740} INFO - There are 0 files in /opt/airflow/dags
[2026-06-05T00:55:11.751+0000] {manager.py:737} INFO - Searching for files in /opt/airflow/dags
[2026-06-05T00:55:11.764+0000] {manager.py:740} INFO - There are 0 files in /opt/airflow/dags
[2026-06-05T01:00:12.408+0000] {manager.py:737} INFO - Searching for files in /opt/airflow/dags
[2026-06-05T01:00:12.425+0000] {manager.py:740} INFO - There are 0 files in /opt/airflow/dags
[2026-06-05T02:00:17.042+0000] {manager.py:737} INFO - Searching for files in /opt/airflow/dags
[2026-06-05T02:00:17.539+0000] {manager.py:740} INFO - There are 0 files in /opt/airflow/dags
[2026-06-05T02:45:21.878+0000] {manager.py:737} INFO - Searching for files in /opt/airflow/dags
[2026-06-05T02:45:21.887+0000] {manager.py:740} INFO - There are 0 files in /opt/airflow/dags
[2026-06-05T02:55:28.294+0000] {manager.py:737} INFO - Searching for files in /opt/airflow/dags
[2026-06-05T02:55:28.318+0000] {manager.py:740} INFO - There are 0 files in /opt/airflow/dags
[2026-06-05T03:00:29.074+0000] {manager.py:737} INFO - Searching for files in /opt/airflow/dags
[2026-06-05T03:00:29.083+0000] {manager.py:740} INFO - There are 0 files in /opt/airflow/dags
[2026-06-05T03:05:29.779+0000] {manager.py:737} INFO - Searching for files in /opt/airflow/dags
[2026-06-05T03:05:29.787+0000] {manager.py:740} INFO - There are 0 files in /opt/airflow/dags
[2026-06-05T03:10:30.216+0000] {manager.py:737} INFO - Searching for files in /opt/airflow/dags
[2026-06-05T03:10:30.226+0000] {manager.py:740} INFO - There are 0 files in /opt/airflow/dags
[2026-06-05T03:15:30.585+0000] {manager.py:737} INFO - Searching for files in /opt/airflow/dags
[2026-06-05T03:15:30.595+0000] {manager.py:740} INFO - There are 0 files in /opt/airflow/dags
[2026-06-05T03:20:30.869+0000] {manager.py:737} INFO - Searching for files in /opt/airflow/dags
[2026-06-05T03:20:30.876+0000] {manager.py:740} INFO - There are 0 files in /opt/airflow/dags
[2026-06-05T03:25:31.155+0000] {manager.py:737} INFO - Searching for files in /opt/airflow/dags
[2026-06-05T03:25:31.174+0000] {manager.py:740} INFO - There are 0 files in /opt/airflow/dags
[2026-06-05T03:30:31.478+0000] {manager.py:737} INFO - Searching for files in /opt/airflow/dags
[2026-06-05T03:30:31.509+0000] {manager.py:740} INFO - There are 0 files in /opt/airflow/dags
[2026-06-05T03:35:31.867+0000] {manager.py:737} INFO - Searching for files in /opt/airflow/dags
[2026-06-05T03:35:31.875+0000] {manager.py:740} INFO - There are 0 files in /opt/airflow/dags
[2026-06-05T03:40:32.267+0000] {manager.py:737} INFO - Searching for files in /opt/airflow/dags
[2026-06-05T03:40:32.283+0000] {manager.py:740} INFO - There are 0 files in /opt/airflow/dags
[2026-06-05T03:45:32.639+0000] {manager.py:737} INFO - Searching for files in /opt/airflow/dags
[2026-06-05T03:45:32.650+0000] {manager.py:740} INFO - There are 0 files in /opt/airflow/dags
[2026-06-05T03:50:33.070+0000] {manager.py:737} INFO - Searching for files in /opt/airflow/dags
[2026-06-05T03:50:33.130+0000] {manager.py:740} INFO - There are 0 files in /opt/airflow/dags
[2026-06-05T03:55:33.471+0000] {manager.py:737} INFO - Searching for files in /opt/airflow/dags
[2026-06-05T03:55:33.479+0000] {manager.py:740} INFO - There are 0 files in /opt/airflow/dags
[2026-06-05T04:00:33.817+0000] {manager.py:737} INFO - Searching for files in /opt/airflow/dags
[2026-06-05T04:00:33.826+0000] {manager.py:740} INFO - There are 0 files in /opt/airflow/dags
[2026-06-05T04:05:34.180+0000] {manager.py:737} INFO - Searching for files in /opt/airflow/dags
[2026-06-05T04:05:34.188+0000] {manager.py:740} INFO - There are 0 files in /opt/airflow/dags
[2026-06-05T04:10:34.489+0000] {manager.py:737} INFO - Searching for files in /opt/airflow/dags
[2026-06-05T04:10:34.527+0000] {manager.py:740} INFO - There are 0 files in /opt/airflow/dags
[2026-06-05T04:15:34.788+0000] {manager.py:737} INFO - Searching for files in /opt/airflow/dags
[2026-06-05T04:15:34.820+0000] {manager.py:740} INFO - There are 0 files in /opt/airflow/dags
[2026-06-05T04:20:35.172+0000] {manager.py:737} INFO - Searching for files in /opt/airflow/dags
[2026-06-05T04:20:35.205+0000] {manager.py:740} INFO - There are 0 files in /opt/airflow/dags
[2026-06-05T04:25:35.497+0000] {manager.py:737} INFO - Searching for files in /opt/airflow/dags
[2026-06-05T04:25:35.510+0000] {manager.py:740} INFO - There are 0 files in /opt/airflow/dags
[2026-06-05T04:30:35.782+0000] {manager.py:737} INFO - Searching for files in /opt/airflow/dags
[2026-06-05T04:30:35.796+0000] {manager.py:740} INFO - There are 0 files in /opt/airflow/dags
[2026-06-05T04:35:36.161+0000] {manager.py:737} INFO - Searching for files in /opt/airflow/dags
[2026-06-05T04:35:36.168+0000] {manager.py:740} INFO - There are 0 files in /opt/airflow/dags
[2026-06-05T04:40:36.443+0000] {manager.py:737} INFO - Searching for files in /opt/airflow/dags
[2026-06-05T04:40:36.449+0000] {manager.py:740} INFO - There are 0 files in /opt/airflow/dags
[2026-06-05T04:45:36.790+0000] {manager.py:737} INFO - Searching for files in /opt/airflow/dags
[2026-06-05T04:45:36.800+0000] {manager.py:740} INFO - There are 0 files in /opt/airflow/dags
[2026-06-05T04:50:37.134+0000] {manager.py:737} INFO - Searching for files in /opt/airflow/dags
[2026-06-05T04:50:37.151+0000] {manager.py:740} INFO - There are 0 files in /opt/airflow/dags
[2026-06-05T04:55:37.460+0000] {manager.py:737} INFO - Searching for files in /opt/airflow/dags
[2026-06-05T04:55:37.465+0000] {manager.py:740} INFO - There are 0 files in /opt/airflow/dags
[2026-06-05T05:00:37.847+0000] {manager.py:737} INFO - Searching for files in /opt/airflow/dags
[2026-06-05T05:00:37.860+0000] {manager.py:740} INFO - There are 0 files in /opt/airflow/dags
[2026-06-05T05:05:38.213+0000] {manager.py:737} INFO - Searching for files in /opt/airflow/dags
[2026-06-05T05:05:38.231+0000] {manager.py:740} INFO - There are 0 files in /opt/airflow/dags
[2026-06-05T05:10:38.642+0000] {manager.py:737} INFO - Searching for files in /opt/airflow/dags
[2026-06-05T05:10:38.655+0000] {manager.py:740} INFO - There are 0 files in /opt/airflow/dags
[2026-06-05T05:15:39.102+0000] {manager.py:737} INFO - Searching for files in /opt/airflow/dags
[2026-06-05T05:15:39.112+0000] {manager.py:740} INFO - There are 0 files in /opt/airflow/dags
[2026-06-05T05:20:39.436+0000] {manager.py:737} INFO - Searching for files in /opt/airflow/dags
[2026-06-05T05:20:39.450+0000] {manager.py:740} INFO - There are 0 files in /opt/airflow/dags
[2026-06-05T05:25:39.741+0000] {manager.py:737} INFO - Searching for files in /opt/airflow/dags
[2026-06-05T05:25:39.779+0000] {manager.py:740} INFO - There are 0 files in /opt/airflow/dags
[2026-06-05T05:30:40.112+0000] {manager.py:737} INFO - Searching for files in /opt/airflow/dags
[2026-06-05T05:30:40.122+0000] {manager.py:740} INFO - There are 0 files in /opt/airflow/dags
[2026-06-05T05:35:40.550+0000] {manager.py:737} INFO - Searching for files in /opt/airflow/dags
[2026-06-05T05:35:40.567+0000] {manager.py:740} INFO - There are 0 files in /opt/airflow/dags
[2026-06-05T05:40:40.860+0000] {manager.py:737} INFO - Searching for files in /opt/airflow/dags
[2026-06-05T05:40:40.893+0000] {manager.py:740} INFO - There are 0 files in /opt/airflow/dags
[2026-06-05T05:45:41.204+0000] {manager.py:737} INFO - Searching for files in /opt/airflow/dags
[2026-06-05T05:45:41.212+0000] {manager.py:740} INFO - There are 0 files in /opt/airflow/dags
[2026-06-05T05:50:41.445+0000] {manager.py:737} INFO - Searching for files in /opt/airflow/dags
[2026-06-05T05:50:41.466+0000] {manager.py:740} INFO - There are 0 files in /opt/airflow/dags
[2026-06-05T05:55:41.667+0000] {manager.py:737} INFO - Searching for files in /opt/airflow/dags
[2026-06-05T05:55:41.692+0000] {manager.py:740} INFO - There are 0 files in /opt/airflow/dags
[2026-06-05T06:00:41.974+0000] {manager.py:737} INFO - Searching for files in /opt/airflow/dags
[2026-06-05T06:00:42.009+0000] {manager.py:740} INFO - There are 0 files in /opt/airflow/dags
[2026-06-05T15:39:25.949+0000] {manager.py:470} INFO - Processing files using up to 2 processes at a time 
[2026-06-05T15:39:25.951+0000] {manager.py:471} INFO - Process each file at most once every 30 seconds
[2026-06-05T15:39:25.954+0000] {manager.py:472} INFO - Checking for new files in /opt/airflow/dags every 300 seconds
[2026-06-05T15:39:25.955+0000] {manager.py:737} INFO - Searching for files in /opt/airflow/dags
[2026-06-05T15:39:25.967+0000] {manager.py:740} INFO - There are 0 files in /opt/airflow/dags
[2026-06-05T15:44:26.567+0000] {manager.py:737} INFO - Searching for files in /opt/airflow/dags
[2026-06-05T15:44:26.577+0000] {manager.py:740} INFO - There are 0 files in /opt/airflow/dags
[2026-06-05T15:49:27.194+0000] {manager.py:737} INFO - Searching for files in /opt/airflow/dags
[2026-06-05T15:49:27.207+0000] {manager.py:740} INFO - There are 0 files in /opt/airflow/dags
[2026-06-05T15:54:27.947+0000] {manager.py:737} INFO - Searching for files in /opt/airflow/dags
[2026-06-05T15:54:27.954+0000] {manager.py:740} INFO - There are 0 files in /opt/airflow/dags
[2026-06-05T15:59:28.654+0000] {manager.py:737} INFO - Searching for files in /opt/airflow/dags
[2026-06-05T15:59:28.666+0000] {manager.py:740} INFO - There are 0 files in /opt/airflow/dags
[2026-06-05T16:04:29.403+0000] {manager.py:737} INFO - Searching for files in /opt/airflow/dags
[2026-06-05T16:04:29.420+0000] {manager.py:740} INFO - There are 0 files in /opt/airflow/dags
[2026-06-05T16:09:30.219+0000] {manager.py:737} INFO - Searching for files in /opt/airflow/dags
[2026-06-05T16:09:30.230+0000] {manager.py:740} INFO - There are 0 files in /opt/airflow/dags
[2026-06-05T16:14:30.989+0000] {manager.py:737} INFO - Searching for files in /opt/airflow/dags
[2026-06-05T16:14:31.002+0000] {manager.py:740} INFO - There are 0 files in /opt/airflow/dags
[2026-06-05T16:19:31.709+0000] {manager.py:737} INFO - Searching for files in /opt/airflow/dags
[2026-06-05T16:19:31.725+0000] {manager.py:740} INFO - There are 0 files in /opt/airflow/dags
[2026-06-05T16:24:32.508+0000] {manager.py:737} INFO - Searching for files in /opt/airflow/dags
[2026-06-05T16:24:32.532+0000] {manager.py:740} INFO - There are 0 files in /opt/airflow/dags
[2026-06-05T16:29:33.182+0000] {manager.py:737} INFO - Searching for files in /opt/airflow/dags
[2026-06-05T16:29:33.192+0000] {manager.py:740} INFO - There are 0 files in /opt/airflow/dags
[2026-06-05T16:34:33.752+0000] {manager.py:737} INFO - Searching for files in /opt/airflow/dags
[2026-06-05T16:34:33.765+0000] {manager.py:740} INFO - There are 0 files in /opt/airflow/dags
[2026-06-05T16:39:34.437+0000] {manager.py:737} INFO - Searching for files in /opt/airflow/dags
[2026-06-05T16:39:34.450+0000] {manager.py:740} INFO - There are 0 files in /opt/airflow/dags
[2026-06-05T16:44:35.127+0000] {manager.py:737} INFO - Searching for files in /opt/airflow/dags
[2026-06-05T16:44:35.134+0000] {manager.py:740} INFO - There are 0 files in /opt/airflow/dags
[2026-06-05T16:49:35.704+0000] {manager.py:737} INFO - Searching for files in /opt/airflow/dags
[2026-06-05T16:49:35.712+0000] {manager.py:740} INFO - There are 0 files in /opt/airflow/dags
[2026-06-05T16:54:36.367+0000] {manager.py:737} INFO - Searching for files in /opt/airflow/dags
[2026-06-05T16:54:36.384+0000] {manager.py:740} INFO - There are 0 files in /opt/airflow/dags
[2026-06-05T16:59:37.276+0000] {manager.py:737} INFO - Searching for files in /opt/airflow/dags
[2026-06-05T16:59:37.284+0000] {manager.py:740} INFO - There are 0 files in /opt/airflow/dags
[2026-06-05T17:30:15.326+0000] {manager.py:737} INFO - Searching for files in /opt/airflow/dags
[2026-06-05T17:30:15.335+0000] {manager.py:740} INFO - There are 0 files in /opt/airflow/dags
[2026-06-05T17:35:16.142+0000] {manager.py:737} INFO - Searching for files in /opt/airflow/dags
[2026-06-05T17:35:16.150+0000] {manager.py:740} INFO - There are 0 files in /opt/airflow/dags
[2026-06-05T17:40:17.041+0000] {manager.py:737} INFO - Searching for files in /opt/airflow/dags
[2026-06-05T17:40:17.055+0000] {manager.py:740} INFO - There are 0 files in /opt/airflow/dags
[2026-06-05T17:45:17.737+0000] {manager.py:737} INFO - Searching for files in /opt/airflow/dags
[2026-06-05T17:45:17.744+0000] {manager.py:740} INFO - There are 0 files in /opt/airflow/dags
[2026-06-05T18:03:52.623+0000] {manager.py:737} INFO - Searching for files in /opt/airflow/dags
[2026-06-05T18:03:52.632+0000] {manager.py:740} INFO - There are 0 files in /opt/airflow/dags
[2026-06-05T18:08:53.451+0000] {manager.py:737} INFO - Searching for files in /opt/airflow/dags
[2026-06-05T18:08:53.459+0000] {manager.py:740} INFO - There are 0 files in /opt/airflow/dags
[2026-06-05T18:13:54.364+0000] {manager.py:737} INFO - Searching for files in /opt/airflow/dags
[2026-06-05T18:13:54.369+0000] {manager.py:740} INFO - There are 0 files in /opt/airflow/dags
[2026-06-05T18:18:55.148+0000] {manager.py:737} INFO - Searching for files in /opt/airflow/dags
[2026-06-05T18:18:55.173+0000] {manager.py:740} INFO - There are 0 files in /opt/airflow/dags
[2026-06-05T18:23:55.939+0000] {manager.py:737} INFO - Searching for files in /opt/airflow/dags
[2026-06-05T18:23:55.946+0000] {manager.py:740} INFO - There are 0 files in /opt/airflow/dags
[2026-06-05T18:28:56.714+0000] {manager.py:737} INFO - Searching for files in /opt/airflow/dags
[2026-06-05T18:28:56.726+0000] {manager.py:740} INFO - There are 0 files in /opt/airflow/dags
[2026-06-05T21:39:10.392+0000] {manager.py:737} INFO - Searching for files in /opt/airflow/dags
[2026-06-05T21:39:10.464+0000] {manager.py:740} INFO - There are 0 files in /opt/airflow/dags
[2026-06-05T22:39:24.872+0000] {manager.py:737} INFO - Searching for files in /opt/airflow/dags
[2026-06-05T22:39:26.349+0000] {manager.py:740} INFO - There are 0 files in /opt/airflow/dags
[2026-06-05T22:44:25.329+0000] {manager.py:737} INFO - Searching for files in /opt/airflow/dags
[2026-06-05T22:44:25.351+0000] {manager.py:740} INFO - There are 0 files in /opt/airflow/dags
[2026-06-05T22:49:25.992+0000] {manager.py:737} INFO - Searching for files in /opt/airflow/dags
[2026-06-05T22:49:26.008+0000] {manager.py:740} INFO - There are 0 files in /opt/airflow/dags
[2026-06-05T22:54:26.694+0000] {manager.py:737} INFO - Searching for files in /opt/airflow/dags
[2026-06-05T22:54:26.702+0000] {manager.py:740} INFO - There are 0 files in /opt/airflow/dags
[2026-06-05T22:59:27.218+0000] {manager.py:737} INFO - Searching for files in /opt/airflow/dags
[2026-06-05T22:59:27.231+0000] {manager.py:740} INFO - There are 0 files in /opt/airflow/dags
[2026-06-05T23:04:28.021+0000] {manager.py:737} INFO - Searching for files in /opt/airflow/dags
[2026-06-05T23:04:28.047+0000] {manager.py:740} INFO - There are 0 files in /opt/airflow/dags
[2026-06-05T23:10:43.418+0000] {manager.py:737} INFO - Searching for files in /opt/airflow/dags
[2026-06-05T23:10:43.426+0000] {manager.py:740} INFO - There are 0 files in /opt/airflow/dags
[2026-06-05T23:15:44.062+0000] {manager.py:737} INFO - Searching for files in /opt/airflow/dags
[2026-06-05T23:15:44.073+0000] {manager.py:740} INFO - There are 0 files in /opt/airflow/dags
[2026-06-05T23:20:44.612+0000] {manager.py:737} INFO - Searching for files in /opt/airflow/dags
[2026-06-05T23:20:44.622+0000] {manager.py:740} INFO - There are 0 files in /opt/airflow/dags
[2026-06-05T23:25:45.330+0000] {manager.py:737} INFO - Searching for files in /opt/airflow/dags
[2026-06-05T23:25:45.347+0000] {manager.py:740} INFO - There are 0 files in /opt/airflow/dags
[2026-06-06T00:01:04.083+0000] {manager.py:737} INFO - Searching for files in /opt/airflow/dags
[2026-06-06T00:01:04.114+0000] {manager.py:740} INFO - There are 0 files in /opt/airflow/dags
[2026-06-06T00:06:05.014+0000] {manager.py:737} INFO - Searching for files in /opt/airflow/dags
[2026-06-06T00:06:05.030+0000] {manager.py:740} INFO - There are 0 files in /opt/airflow/dags
[2026-06-06T00:11:05.802+0000] {manager.py:737} INFO - Searching for files in /opt/airflow/dags
[2026-06-06T00:11:05.820+0000] {manager.py:740} INFO - There are 0 files in /opt/airflow/dags
[2026-06-06T00:16:06.648+0000] {manager.py:737} INFO - Searching for files in /opt/airflow/dags
[2026-06-06T00:16:06.658+0000] {manager.py:740} INFO - There are 0 files in /opt/airflow/dags
[2026-06-06T00:21:07.244+0000] {manager.py:737} INFO - Searching for files in /opt/airflow/dags
[2026-06-06T00:21:07.254+0000] {manager.py:740} INFO - There are 0 files in /opt/airflow/dags
[2026-06-06T00:26:08.040+0000] {manager.py:737} INFO - Searching for files in /opt/airflow/dags
[2026-06-06T00:26:08.051+0000] {manager.py:740} INFO - There are 0 files in /opt/airflow/dags
[2026-06-06T00:31:08.923+0000] {manager.py:737} INFO - Searching for files in /opt/airflow/dags
[2026-06-06T00:31:08.936+0000] {manager.py:740} INFO - There are 0 files in /opt/airflow/dags
[2026-06-06T00:36:09.780+0000] {manager.py:737} INFO - Searching for files in /opt/airflow/dags
[2026-06-06T00:36:09.800+0000] {manager.py:740} INFO - There are 0 files in /opt/airflow/dags
[2026-06-06T00:41:10.668+0000] {manager.py:737} INFO - Searching for files in /opt/airflow/dags
[2026-06-06T00:41:10.683+0000] {manager.py:740} INFO - There are 0 files in /opt/airflow/dags
[2026-06-06T00:46:11.452+0000] {manager.py:737} INFO - Searching for files in /opt/airflow/dags
[2026-06-06T00:46:11.462+0000] {manager.py:740} INFO - There are 0 files in /opt/airflow/dags
[2026-06-06T00:51:12.324+0000] {manager.py:737} INFO - Searching for files in /opt/airflow/dags
[2026-06-06T00:51:12.337+0000] {manager.py:740} INFO - There are 0 files in /opt/airflow/dags
[2026-06-06T00:56:13.169+0000] {manager.py:737} INFO - Searching for files in /opt/airflow/dags
[2026-06-06T00:56:13.176+0000] {manager.py:740} INFO - There are 0 files in /opt/airflow/dags
[2026-06-06T01:14:37.007+0000] {manager.py:737} INFO - Searching for files in /opt/airflow/dags
[2026-06-06T01:14:37.204+0000] {manager.py:740} INFO - There are 0 files in /opt/airflow/dags
[2026-06-06T01:42:10.360+0000] {manager.py:737} INFO - Searching for files in /opt/airflow/dags
[2026-06-06T01:42:10.378+0000] {manager.py:740} INFO - There are 0 files in /opt/airflow/dags
[2026-06-06T01:47:11.174+0000] {manager.py:737} INFO - Searching for files in /opt/airflow/dags
[2026-06-06T01:47:11.183+0000] {manager.py:740} INFO - There are 0 files in /opt/airflow/dags
[2026-06-06T01:52:11.977+0000] {manager.py:737} INFO - Searching for files in /opt/airflow/dags
[2026-06-06T01:52:11.986+0000] {manager.py:740} INFO - There are 0 files in /opt/airflow/dags
[2026-06-06T01:57:12.725+0000] {manager.py:737} INFO - Searching for files in /opt/airflow/dags
[2026-06-06T01:57:12.736+0000] {manager.py:740} INFO - There are 0 files in /opt/airflow/dags
[2026-06-06T02:02:13.033+0000] {manager.py:737} INFO - Searching for files in /opt/airflow/dags
[2026-06-06T02:02:13.049+0000] {manager.py:740} INFO - There are 0 files in /opt/airflow/dags
[2026-06-06T02:07:13.661+0000] {manager.py:737} INFO - Searching for files in /opt/airflow/dags
[2026-06-06T02:07:13.667+0000] {manager.py:740} INFO - There are 0 files in /opt/airflow/dags
[2026-06-06T02:12:14.256+0000] {manager.py:737} INFO - Searching for files in /opt/airflow/dags
[2026-06-06T02:12:14.276+0000] {manager.py:740} INFO - There are 0 files in /opt/airflow/dags
[2026-06-06T02:17:15.115+0000] {manager.py:737} INFO - Searching for files in /opt/airflow/dags
[2026-06-06T02:17:15.125+0000] {manager.py:740} INFO - There are 0 files in /opt/airflow/dags
[2026-06-06T02:22:15.801+0000] {manager.py:737} INFO - Searching for files in /opt/airflow/dags
[2026-06-06T02:22:15.805+0000] {manager.py:740} INFO - There are 0 files in /opt/airflow/dags
[2026-06-06T02:27:16.559+0000] {manager.py:737} INFO - Searching for files in /opt/airflow/dags
[2026-06-06T02:27:16.566+0000] {manager.py:740} INFO - There are 0 files in /opt/airflow/dags
[2026-06-06T02:32:17.382+0000] {manager.py:737} INFO - Searching for files in /opt/airflow/dags
[2026-06-06T02:32:17.392+0000] {manager.py:740} INFO - There are 0 files in /opt/airflow/dags
[2026-06-06T02:37:18.280+0000] {manager.py:737} INFO - Searching for files in /opt/airflow/dags
[2026-06-06T02:37:18.288+0000] {manager.py:740} INFO - There are 0 files in /opt/airflow/dags
[2026-06-06T02:42:19.162+0000] {manager.py:737} INFO - Searching for files in /opt/airflow/dags
[2026-06-06T02:42:19.176+0000] {manager.py:740} INFO - There are 0 files in /opt/airflow/dags
[2026-06-06T02:47:19.980+0000] {manager.py:737} INFO - Searching for files in /opt/airflow/dags
[2026-06-06T02:47:19.993+0000] {manager.py:740} INFO - There are 0 files in /opt/airflow/dags
[2026-06-06T02:52:20.805+0000] {manager.py:737} INFO - Searching for files in /opt/airflow/dags
[2026-06-06T02:52:20.821+0000] {manager.py:740} INFO - There are 0 files in /opt/airflow/dags
[2026-06-06T02:57:21.694+0000] {manager.py:737} INFO - Searching for files in /opt/airflow/dags
[2026-06-06T02:57:21.704+0000] {manager.py:740} INFO - There are 0 files in /opt/airflow/dags
[2026-06-06T03:02:22.568+0000] {manager.py:737} INFO - Searching for files in /opt/airflow/dags
[2026-06-06T03:02:22.581+0000] {manager.py:740} INFO - There are 0 files in /opt/airflow/dags
[2026-06-06T03:07:23.444+0000] {manager.py:737} INFO - Searching for files in /opt/airflow/dags
[2026-06-06T03:07:23.455+0000] {manager.py:740} INFO - There are 0 files in /opt/airflow/dags
[2026-06-06T03:12:24.368+0000] {manager.py:737} INFO - Searching for files in /opt/airflow/dags
[2026-06-06T03:12:24.397+0000] {manager.py:740} INFO - There are 0 files in /opt/airflow/dags
[2026-06-06T03:17:25.277+0000] {manager.py:737} INFO - Searching for files in /opt/airflow/dags
[2026-06-06T03:17:25.287+0000] {manager.py:740} INFO - There are 0 files in /opt/airflow/dags
[2026-06-06T03:22:26.133+0000] {manager.py:737} INFO - Searching for files in /opt/airflow/dags
[2026-06-06T03:22:26.140+0000] {manager.py:740} INFO - There are 0 files in /opt/airflow/dags
[2026-06-06T03:27:26.932+0000] {manager.py:737} INFO - Searching for files in /opt/airflow/dags
[2026-06-06T03:27:26.944+0000] {manager.py:740} INFO - There are 0 files in /opt/airflow/dags
[2026-06-06T03:32:27.691+0000] {manager.py:737} INFO - Searching for files in /opt/airflow/dags
[2026-06-06T03:32:27.705+0000] {manager.py:740} INFO - There are 0 files in /opt/airflow/dags
[2026-06-06T03:37:28.452+0000] {manager.py:737} INFO - Searching for files in /opt/airflow/dags
[2026-06-06T03:37:28.463+0000] {manager.py:740} INFO - There are 0 files in /opt/airflow/dags
[2026-06-06T03:42:29.202+0000] {manager.py:737} INFO - Searching for files in /opt/airflow/dags
[2026-06-06T03:42:29.214+0000] {manager.py:740} INFO - There are 0 files in /opt/airflow/dags
[2026-06-06T03:47:29.984+0000] {manager.py:737} INFO - Searching for files in /opt/airflow/dags
[2026-06-06T03:47:30.002+0000] {manager.py:740} INFO - There are 0 files in /opt/airflow/dags
[2026-06-06T03:52:30.757+0000] {manager.py:737} INFO - Searching for files in /opt/airflow/dags
[2026-06-06T03:52:30.773+0000] {manager.py:740} INFO - There are 0 files in /opt/airflow/dags
[2026-06-06T03:57:31.599+0000] {manager.py:737} INFO - Searching for files in /opt/airflow/dags
[2026-06-06T03:57:31.607+0000] {manager.py:740} INFO - There are 0 files in /opt/airflow/dags
